--------- beginning of radio
05-01 17:48:08.591   672   731 D RIL     : find the tail successfully
05-01 17:48:08.591   672   731 D RIL     : lineForRssnr = 500,0, lineForAnt0Rssi = -7900,0, lineForAnt1Rssi = -7800,0
05-01 17:48:08.591   672   731 D RIL     : simId[0], sigp+CESQ: 99,-1,255,-1,12,103,-1,-255,-255
05-01 17:48:08.591   672   731 D RILC    : currentSignalStrengthInd
05-01 17:48:08.592   672   731 I RILC    : RIL_SOCKET_1 UNSOLICITED: UNSOL_SIGNAL_STRENGTH length:108
--------- beginning of main
05-01 17:48:08.597  1754  1754 I MobilePhoneStateCache: setSignalLevel 3
05-01 17:48:08.597  1192  1440 D NetworkController.MobileSignalController(3): mDataNetType Override 1
05-01 17:48:08.598  1754  1754 I MobilePhoneStateCache: mSignalDbm -103
05-01 17:48:08.598  1754  1754 I MobilePhoneStateCache: mSignalRssi 3
05-01 17:48:08.598  1754  1754 I MobilePhoneStateCache: mSignalRscp 0
05-01 17:48:08.598  1754  1754 I MobilePhoneStateCache: mSignalLteRsrp -103
05-01 17:48:08.600  1192  1192 D StatusBarSignalPolicy: state.mobileImsId = 2131232130 subId = 3
05-01 17:48:08.606   818   818 D TelephonyRegistry: listenWithEventList
05-01 17:48:08.607   818   818 D TelephonyRegistry: listen: E pkg=*** uid=1000 events=[1] notifyNow=true subId=2147483647 myUserId=0 callerUserId=0
05-01 17:48:08.607   818   818 D TelephonyRegistry: add callingUid: 1000, callingPid: 818
05-01 17:48:08.607   818   818 D TelephonyRegistry: record size before add: 91
05-01 17:48:08.610   818   818 D TelephonyRegistry: listen:  Register r={callingPackage=*** callerUid=1000 binder=android.telephony.PhoneStateListener$IPhoneStateListenerStub@7533de5 callback=android.telephony.PhoneStateListener$IPhoneStateListenerStub@7533de5 onSubscriptionsChangedListenererCallback=null onOpportunisticSubscriptionsChangedListenererCallback=null carrierPrivilegesCallback=null subId=2147483647 phoneId=0 events=[1]} r.subId=2147483647 r.phoneId=0
05-01 17:48:08.839  1165  1165 D VendorGsmCdmaPhoneBase: EVENT_CAL_TX_RX_SPEED : br0_Tx_Speed : 1 ,br0_Rx_Speed : 5
05-01 17:48:09.036   672   839 D RIL     : SPDSMINFOU: s_rxBytes: 136609167, s_txBytes: 35909510
05-01 17:48:09.612   818   818 D TelephonyRegistry: listenWithEventList
05-01 17:48:09.613   818   818 D TelephonyRegistry: listen: E pkg=*** uid=1000 events=[1] notifyNow=true subId=2147483647 myUserId=0 callerUserId=0
05-01 17:48:09.613   818   818 D TelephonyRegistry: add callingUid: 1000, callingPid: 818
05-01 17:48:09.613   818   818 D TelephonyRegistry: record size before add: 91
05-01 17:48:09.616   818   818 D TelephonyRegistry: listen:  Register r={callingPackage=*** callerUid=1000 binder=android.telephony.PhoneStateListener$IPhoneStateListenerStub@7533de5 callback=android.telephony.PhoneStateListener$IPhoneStateListenerStub@7533de5 onSubscriptionsChangedListenererCallback=null onOpportunisticSubscriptionsChangedListenererCallback=null carrierPrivilegesCallback=null subId=2147483647 phoneId=0 events=[1]} r.subId=2147483647 r.phoneId=0
05-01 17:48:09.617   933  1221 D BufferPoolAccessor2.0: bufferpool2 0xb4000072441aff08 : 1(610560 size) total buffers - 0(0 size) used buffers - 4626/4675 (recycle/alloc) - 67/4675 (fetch/transfer)
05-01 17:48:09.618   933  1221 D BufferPoolAccessor2.0: evictor expired: 1, evicted: 1
05-01 17:48:10.036   672   839 D RIL     : SPDSMINFOU: s_rxBytes: 136611240, s_txBytes: 35909888
05-01 17:48:10.254 24035 24035 D ip_monitor-903: fe80::5b88:79de:8e44:9c8b dev br0 lladdr b2:72:f2:91:f4:28 PROBE
05-01 17:48:10.262 24036 24036 D ip_monitor-903: fe80::5b88:79de:8e44:9c8b dev br0 lladdr b2:72:f2:91:f4:28 REACHABLE
05-01 17:48:10.618   818   818 D TelephonyRegistry: listenWithEventList
05-01 17:48:10.618   818   818 D TelephonyRegistry: listen: E pkg=*** uid=1000 events=[1] notifyNow=true subId=2147483647 myUserId=0 callerUserId=0
05-01 17:48:10.619   818   818 D TelephonyRegistry: add callingUid: 1000, callingPid: 818
05-01 17:48:10.619   818   818 D TelephonyRegistry: record size before add: 91
05-01 17:48:10.622   818   818 D TelephonyRegistry: listen:  Register r={callingPackage=*** callerUid=1000 binder=android.telephony.PhoneStateListener$IPhoneStateListenerStub@7533de5 callback=android.telephony.PhoneStateListener$IPhoneStateListenerStub@7533de5 onSubscriptionsChangedListenererCallback=null onOpportunisticSubscriptionsChangedListenererCallback=null carrierPrivilegesCallback=null subId=2147483647 phoneId=0 events=[1]} r.subId=2147483647 r.phoneId=0
05-01 17:48:10.667   818  3472 D NetworkMonitor/100: sendTcpPollingEvent isValidationRequired=true
--------- beginning of system
05-01 17:48:10.783   818  1077 D AlarmManager: waitForAlarm result:4currentTime=1777637890783, elapsedRealtime=2041334
05-01 17:48:10.783   818  1077 V AlarmManager: setRepeat(PendingIntent{3ee833: PendingIntentRecord{ffa97f0 com.zte.web broadcastIntent}}) : type=2 workSource=null nextElapsed=2056334 orginAlarm=Alarm{eff5918 type 2 origWhen 1996334 whenElapsed 1996334 com.zte.web}
05-01 17:48:10.784   818  1077 D AlarmManagerService: set alarm to kernel: 2101.334000000, type=2 
05-01 17:48:10.784   818  1077 D AlarmManagerService: set alarm to kernel: 2090.551000000, type=3 
05-01 17:48:10.786   818  1077 D BroadcastQueue: Add broadcast <BroadcastRecord{6e6f71 u0 com.zte.webserver.action.DO_PERIODIC_WORK}> into [ordered | foreground], pending size 0
05-01 17:48:10.786   818  1077 D BroadcastQueue: Header is BroadcastRecord{6e6f71 u0 com.zte.webserver.action.DO_PERIODIC_WORK} now
05-01 17:48:10.787  1754  2058 I DataUsageStats: onReceive com.zte.webserver.action.DO_PERIODIC_WORK
05-01 17:48:10.788   818  1077 D AlarmManager: sending alarm.type = 2, action = com.zte.webserver.action.DO_PERIODIC_WORK, alarm = Alarm{eff5918 type 2 origWhen 1996334 whenElapsed 1996334 com.zte.web}, cn = null, operation = PendingIntent{3ee833: PendingIntentRecord{ffa97f0 com.zte.web broadcastIntent}}, listener=null, listenerTag=null, workSource=null
05-01 17:48:10.788   818  1077 D AlarmManagerService: set alarm to kernel: 2101.334000000, type=2 
05-01 17:48:10.789   818  1077 D AlarmManagerService: set alarm to kernel: 2090.551000000, type=3 
05-01 17:48:10.828  1754  2058 I DataUsageManager: doPeriodicWork
05-01 17:48:10.828  1754  2058 I DataUsageManager: handleDataOrTimeLimit
05-01 17:48:10.841  1165  1165 D VendorGsmCdmaPhoneBase: EVENT_CAL_TX_RX_SPEED : br0_Tx_Speed : 0 ,br0_Rx_Speed : 1
05-01 17:48:10.847  1754  2058 I DataUsageManager: checkTimeOverflow invalid data threshold -1
05-01 17:48:10.848   818  8289 D BroadcastQueue: Finished with ordered broadcast BroadcastRecord{6e6f71 u0 com.zte.webserver.action.DO_PERIODIC_WORK} receivers:([BroadcastFilter{f394997 1000/u0 ReceiverList{4be4c16 1754 com.zte.web/1000/u0 remote:b49dd31}}]) take 62ms in [foreground], remains -1
05-01 17:48:10.941  1192  1192 D WifiSignalController: connected : false, level : 0, isDefault : false, inetCondition : 0, statusLabel : null
05-01 17:48:10.970  1192  1440 D ControlsListingControllerImpl: Subscribing callback, service count: 0
05-01 17:48:11.005  1192  1440 D ControlsListingControllerImpl: Unsubscribing callback
05-01 17:48:11.037   672   839 D RIL     : SPDSMINFOU: s_rxBytes: 136615784, s_txBytes: 35911458
05-01 17:48:11.624   818   818 D TelephonyRegistry: listenWithEventList
05-01 17:48:11.625   818   818 D TelephonyRegistry: listen: E pkg=*** uid=1000 events=[1] notifyNow=true subId=2147483647 myUserId=0 callerUserId=0
05-01 17:48:11.625   818   818 D TelephonyRegistry: add callingUid: 1000, callingPid: 818
05-01 17:48:11.625   818   818 D TelephonyRegistry: record size before add: 91
05-01 17:48:11.629   818   818 D TelephonyRegistry: listen:  Register r={callingPackage=*** callerUid=1000 binder=android.telephony.PhoneStateListener$IPhoneStateListenerStub@7533de5 callback=android.telephony.PhoneStateListener$IPhoneStateListenerStub@7533de5 onSubscriptionsChangedListenererCallback=null onOpportunisticSubscriptionsChangedListenererCallback=null carrierPrivilegesCallback=null subId=2147483647 phoneId=0 events=[1]} r.subId=2147483647 r.phoneId=0
05-01 17:48:12.036   672   839 D RIL     : SPDSMINFOU: s_rxBytes: 136626070, s_txBytes: 36203008
05-01 17:48:12.301   672   839 D RIL     : newLine = +CESQ: 99,99,255,255,9,107,255,-255,-255
05-01 17:48:12.301   672   731 D RIL_REQ_THDS: get Channel1
05-01 17:48:12.301   672   731 D RIL_REQ_THDS: put Channel1
05-01 17:48:12.302   672   731 D RIL     : find the tail successfully
05-01 17:48:12.302   672   731 D RIL     : find the tail successfully
05-01 17:48:12.302   672   731 D RIL     : find the tail successfully
05-01 17:48:12.302   672   731 D RIL     : lineForRssnr = 1000,0, lineForAnt0Rssi = -7900,0, lineForAnt1Rssi = -7900,0
05-01 17:48:12.302   672   731 D RIL     : simId[0], sigp+CESQ: 99,-1,255,-1,9,105,-1,-255,-255
05-01 17:48:12.302   672   731 D RILC    : currentSignalStrengthInd
05-01 17:48:12.302   672   731 I RILC    : RIL_SOCKET_1 UNSOLICITED: UNSOL_SIGNAL_STRENGTH length:108
05-01 17:48:12.307  1192  1440 D NetworkController.MobileSignalController(3): mDataNetType Override 1
05-01 17:48:12.307  1754  1754 I MobilePhoneStateCache: setSignalLevel 3
05-01 17:48:12.307  1754  1754 I MobilePhoneStateCache: mSignalDbm -105
05-01 17:48:12.307  1754  1754 I MobilePhoneStateCache: mSignalRssi 3
05-01 17:48:12.307  1754  1754 I MobilePhoneStateCache: mSignalRscp 0
05-01 17:48:12.307  1754  1754 I MobilePhoneStateCache: mSignalLteRsrp -105
05-01 17:48:12.309  1192  1192 D StatusBarSignalPolicy: state.mobileImsId = 2131232130 subId = 3
05-01 17:48:12.615  1165  1165 D PhoneInterfaceManager: requestModemActivityInfo start.
05-01 17:48:12.615  1165  1165 D PhoneInterfaceManager: requestModemActivityInfo finish, result send.
05-01 17:48:12.621  1165  1165 D RILJ    : [0977]> GET_ACTIVITY_INFO [PHONE0]
05-01 17:48:12.622   672   672 D RILC    : getModemActivityInfo: serial 977
05-01 17:48:12.622   672   717 D RIL_REQ_THDS: dequeue msg
05-01 17:48:12.622   672   717 D RIL_REQ_THDS: handleMessage 135
05-01 17:48:12.622   672   717 D RIL     : onRequest: GET_ACTIVITY_INFO radioState = RADIO_ON
05-01 17:48:12.622   672   717 D RIL_REQ_THDS: get Channel1
05-01 17:48:12.623   672   717 D RIL_REQ_THDS: put Channel1
05-01 17:48:12.623   672   717 D RIL     : sleep:0 idle:1948059 tx:0 0 31821 52891 43280 rx:911082
05-01 17:48:12.623   672   717 D RILC    : RequestComplete, RIL_SOCKET_1
05-01 17:48:12.623   672   717 D RILC    : Calling responseFunction() for token 977
05-01 17:48:12.623   672   717 D RILC    : getModemActivityInfoResponse: serial 977
05-01 17:48:12.623   672   717 D RIL_REQ_THDS: pool1Thread[0] process one message done
05-01 17:48:12.624  1165  1571 D RILJ    : [0977]< GET_ACTIVITY_INFO ModemActivityInfo{ mTimestamp=2043175 mSleepTimeMs=0 mIdleTimeMs=1948059 mActivityStatsTechSpecificInfo=[{mRat=UNKNOWN,mFrequencyRange=UNKNOWN,mTxTimeMs[]=[0, 0, 31821, 52891, 43280],mRxTimeMs=911082}]} [PHONE0]
05-01 17:48:12.624  1165  1165 D TelephonyManager: requestModemActivityInfo: Sending result to app: ModemActivityInfo{ mTimestamp=310828 mSleepTimeMs=0 mIdleTimeMs=306081 mActivityStatsTechSpecificInfo=[{mRat=UNKNOWN,mFrequencyRange=UNKNOWN,mTxTimeMs[]=[0, 0, 3116, 7115, 14072],mRxTimeMs=148593}]}
05-01 17:48:12.629   818   818 D TelephonyRegistry: listenWithEventList
05-01 17:48:12.630   818   818 D TelephonyRegistry: listen: E pkg=*** uid=1000 events=[1] notifyNow=true subId=2147483647 myUserId=0 callerUserId=0
05-01 17:48:12.630   818   818 D TelephonyRegistry: add callingUid: 1000, callingPid: 818
05-01 17:48:12.630   818   818 D TelephonyRegistry: record size before add: 91
05-01 17:48:12.633   818   818 D TelephonyRegistry: listen:  Register r={callingPackage=*** callerUid=1000 binder=android.telephony.PhoneStateListener$IPhoneStateListenerStub@7533de5 callback=android.telephony.PhoneStateListener$IPhoneStateListenerStub@7533de5 onSubscriptionsChangedListenererCallback=null onOpportunisticSubscriptionsChangedListenererCallback=null carrierPrivilegesCallback=null subId=2147483647 phoneId=0 events=[1]} r.subId=2147483647 r.phoneId=0
05-01 17:48:12.843  1165  1165 D VendorGsmCdmaPhoneBase: EVENT_CAL_TX_RX_SPEED : br0_Tx_Speed : 146 ,br0_Rx_Speed : 8
05-01 17:48:13.020   672   839 D RIL     : newLine = +CESQ: 99,99,255,255,15,103,255,-255,-255
05-01 17:48:13.037   672   839 D RIL     : SPDSMINFOU: s_rxBytes: 136631060, s_txBytes: 36215293
05-01 17:48:13.302   672   731 D RIL_REQ_THDS: get Channel1
05-01 17:48:13.303   672   731 D RIL_REQ_THDS: put Channel1
05-01 17:48:13.303   672   731 D RIL     : find the tail successfully
05-01 17:48:13.303   672   731 D RIL     : find the tail successfully
05-01 17:48:13.303   672   731 D RIL     : find the tail successfully
05-01 17:48:13.303   672   731 D RIL     : lineForRssnr = 1300,0, lineForAnt0Rssi = -7400,0, lineForAnt1Rssi = -7100,0
05-01 17:48:13.303   672   731 D RIL     : simId[0], sigp+CESQ: 99,-1,255,-1,12,103,-1,-255,-255
05-01 17:48:13.303   672   731 D RILC    : currentSignalStrengthInd
05-01 17:48:13.303   672   731 I RILC    : RIL_SOCKET_1 UNSOLICITED: UNSOL_SIGNAL_STRENGTH length:108
05-01 17:48:13.308  1192  1440 D NetworkController.MobileSignalController(3): mDataNetType Override 1
05-01 17:48:13.308  1754  1754 I MobilePhoneStateCache: setSignalLevel 3
05-01 17:48:13.308  1754  1754 I MobilePhoneStateCache: mSignalDbm -103
05-01 17:48:13.308  1754  1754 I MobilePhoneStateCache: mSignalRssi 3
05-01 17:48:13.308  1754  1754 I MobilePhoneStateCache: mSignalRscp 0
05-01 17:48:13.308  1754  1754 I MobilePhoneStateCache: mSignalLteRsrp -103
05-01 17:48:13.310  1192  1192 D StatusBarSignalPolicy: state.mobileImsId = 2131232130 subId = 3
05-01 17:48:13.635   818   818 D TelephonyRegistry: listenWithEventList
05-01 17:48:13.636   818   818 D TelephonyRegistry: listen: E pkg=*** uid=1000 events=[1] notifyNow=true subId=2147483647 myUserId=0 callerUserId=0
05-01 17:48:13.636   818   818 D TelephonyRegistry: add callingUid: 1000, callingPid: 818
05-01 17:48:13.636   818   818 D TelephonyRegistry: record size before add: 91
05-01 17:48:13.639   818   818 D TelephonyRegistry: listen:  Register r={callingPackage=*** callerUid=1000 binder=android.telephony.PhoneStateListener$IPhoneStateListenerStub@7533de5 callback=android.telephony.PhoneStateListener$IPhoneStateListenerStub@7533de5 onSubscriptionsChangedListenererCallback=null onOpportunisticSubscriptionsChangedListenererCallback=null carrierPrivilegesCallback=null subId=2147483647 phoneId=0 events=[1]} r.subId=2147483647 r.phoneId=0
05-01 17:48:14.037   672   839 D RIL     : SPDSMINFOU: s_rxBytes: 136639707, s_txBytes: 36227931
05-01 17:48:14.303   672   731 D RIL_REQ_THDS: get Channel1
05-01 17:48:14.304   672   731 D RIL_REQ_THDS: put Channel1
05-01 17:48:14.304   672   731 D RIL     : find the tail successfully
05-01 17:48:14.305   672   731 D RIL     : find the tail successfully
05-01 17:48:14.305   672   731 D RIL     : find the tail successfully
05-01 17:48:14.305   672   731 D RIL     : lineForRssnr = 1300,0, lineForAnt0Rssi = -7400,0, lineForAnt1Rssi = -7100,0
05-01 17:48:14.305   672   731 D RIL     : simId[0], sigp+CESQ: 99,-1,255,-1,15,103,-1,-255,-255
05-01 17:48:14.305   672   731 D RILC    : currentSignalStrengthInd
05-01 17:48:14.305   672   731 I RILC    : RIL_SOCKET_1 UNSOLICITED: UNSOL_SIGNAL_STRENGTH length:108
05-01 17:48:14.309  1754  1754 I MobilePhoneStateCache: setSignalLevel 3
05-01 17:48:14.309  1754  1754 I MobilePhoneStateCache: mSignalDbm -103
05-01 17:48:14.309  1754  1754 I MobilePhoneStateCache: mSignalRssi 3
05-01 17:48:14.309  1754  1754 I MobilePhoneStateCache: mSignalRscp 0
05-01 17:48:14.309  1754  1754 I MobilePhoneStateCache: mSignalLteRsrp -103
05-01 17:48:14.309  1192  1440 D NetworkController.MobileSignalController(3): mDataNetType Override 1
05-01 17:48:14.311  1192  1192 D StatusBarSignalPolicy: state.mobileImsId = 2131232130 subId = 3
05-01 17:48:14.319   818  1156 I BatteryService: getChargingCurrent
05-01 17:48:14.345   818  1156 E ThermalHalWrapper: Couldn't get temperatures because of HAL error: can't find this type sensor
05-01 17:48:14.345   818  1156 E ZteBatteryService: Failed to getCurrentTemperaturesWithType 
05-01 17:48:14.345   818  1156 I BatteryService: getChargingFull
05-01 17:48:14.345   818  1156 I BatteryService: getChargingCounter
05-01 17:48:14.346   818  1156 I BatteryService: getChargingCurrent
05-01 17:48:14.364   818  1156 E ThermalHalWrapper: Couldn't get temperatures because of HAL error: can't find this type sensor
05-01 17:48:14.364   818  1156 E ZteBatteryService: Failed to getCurrentTemperaturesWithType 
05-01 17:48:14.364   818  1156 I BatteryService: getChargingFull
05-01 17:48:14.364   818  1156 I BatteryService: getChargingCounter
05-01 17:48:14.641   818   818 D TelephonyRegistry: listenWithEventList
05-01 17:48:14.642   818   818 D TelephonyRegistry: listen: E pkg=*** uid=1000 events=[1] notifyNow=true subId=2147483647 myUserId=0 callerUserId=0
05-01 17:48:14.642   818   818 D TelephonyRegistry: add callingUid: 1000, callingPid: 818
05-01 17:48:14.642   818   818 D TelephonyRegistry: record size before add: 91
05-01 17:48:14.645   818   818 D TelephonyRegistry: listen:  Register r={callingPackage=*** callerUid=1000 binder=android.telephony.PhoneStateListener$IPhoneStateListenerStub@7533de5 callback=android.telephony.PhoneStateListener$IPhoneStateListenerStub@7533de5 onSubscriptionsChangedListenererCallback=null onOpportunisticSubscriptionsChangedListenererCallback=null carrierPrivilegesCallback=null subId=2147483647 phoneId=0 events=[1]} r.subId=2147483647 r.phoneId=0
05-01 17:48:14.846  1165  1165 D VendorGsmCdmaPhoneBase: EVENT_CAL_TX_RX_SPEED : br0_Tx_Speed : 6 ,br0_Rx_Speed : 7
05-01 17:48:15.037   672   839 D RIL     : SPDSMINFOU: s_rxBytes: 136648358, s_txBytes: 36229657
05-01 17:48:15.647   818   818 D TelephonyRegistry: listenWithEventList
05-01 17:48:15.648   818   818 D TelephonyRegistry: listen: E pkg=*** uid=1000 events=[1] notifyNow=true subId=2147483647 myUserId=0 callerUserId=0
05-01 17:48:15.648   818   818 D TelephonyRegistry: add callingUid: 1000, callingPid: 818
05-01 17:48:15.648   818   818 D TelephonyRegistry: record size before add: 91
05-01 17:48:15.651   818   818 D TelephonyRegistry: listen:  Register r={callingPackage=*** callerUid=1000 binder=android.telephony.PhoneStateListener$IPhoneStateListenerStub@7533de5 callback=android.telephony.PhoneStateListener$IPhoneStateListenerStub@7533de5 onSubscriptionsChangedListenererCallback=null onOpportunisticSubscriptionsChangedListenererCallback=null carrierPrivilegesCallback=null subId=2147483647 phoneId=0 events=[1]} r.subId=2147483647 r.phoneId=0
05-01 17:48:16.037   672   839 D RIL     : SPDSMINFOU: s_rxBytes: 136656307, s_txBytes: 36231956
05-01 17:48:16.652   818   818 D TelephonyRegistry: listenWithEventList
05-01 17:48:16.653   818   818 D TelephonyRegistry: listen: E pkg=*** uid=1000 events=[1] notifyNow=true subId=2147483647 myUserId=0 callerUserId=0
05-01 17:48:16.653   818   818 D TelephonyRegistry: add callingUid: 1000, callingPid: 818
05-01 17:48:16.653   818   818 D TelephonyRegistry: record size before add: 91
05-01 17:48:16.656   818   818 D TelephonyRegistry: listen:  Register r={callingPackage=*** callerUid=1000 binder=android.telephony.PhoneStateListener$IPhoneStateListenerStub@7533de5 callback=android.telephony.PhoneStateListener$IPhoneStateListenerStub@7533de5 onSubscriptionsChangedListenererCallback=null onOpportunisticSubscriptionsChangedListenererCallback=null carrierPrivilegesCallback=null subId=2147483647 phoneId=0 events=[1]} r.subId=2147483647 r.phoneId=0
05-01 17:48:16.848  1165  1165 D VendorGsmCdmaPhoneBase: EVENT_CAL_TX_RX_SPEED : br0_Tx_Speed : 2 ,br0_Rx_Speed : 7
05-01 17:48:17.037   672   839 D RIL     : SPDSMINFOU: s_rxBytes: 136663114, s_txBytes: 36234209
05-01 17:48:17.658   818   818 D TelephonyRegistry: listenWithEventList
05-01 17:48:17.659   818   818 D TelephonyRegistry: listen: E pkg=*** uid=1000 events=[1] notifyNow=true subId=2147483647 myUserId=0 callerUserId=0
05-01 17:48:17.659   818   818 D TelephonyRegistry: add callingUid: 1000, callingPid: 818
05-01 17:48:17.659   818   818 D TelephonyRegistry: record size before add: 91
05-01 17:48:17.662   818   818 D TelephonyRegistry: listen:  Register r={callingPackage=*** callerUid=1000 binder=android.telephony.PhoneStateListener$IPhoneStateListenerStub@7533de5 callback=android.telephony.PhoneStateListener$IPhoneStateListenerStub@7533de5 onSubscriptionsChangedListenererCallback=null onOpportunisticSubscriptionsChangedListenererCallback=null carrierPrivilegesCallback=null subId=2147483647 phoneId=0 events=[1]} r.subId=2147483647 r.phoneId=0
05-01 17:48:17.678 24040 24040 D ip_monitor-903: 192.168.0.95 dev br0 lladdr b2:72:f2:91:f4:28 STALE
05-01 17:48:18.038   672   839 D RIL     : SPDSMINFOU: s_rxBytes: 136665670, s_txBytes: 36235488
05-01 17:48:18.659   932   962 I ThermalManager: ThermalOutBegin: ==============================
05-01 17:48:18.660   932   962 I ThermalManager: Thermal : chg-thmzone : 41082
05-01 17:48:18.662   932   962 I ThermalManager: Thermal : nr-thmzone : 37659
05-01 17:48:18.663   932   962 I ThermalManager: Thermal : pa-thmzone : 36157
05-01 17:48:18.664   818   818 D TelephonyRegistry: listenWithEventList
05-01 17:48:18.664   932   962 I ThermalManager: Thermal : board-thmzone : 40497
05-01 17:48:18.665   818   818 D TelephonyRegistry: listen: E pkg=*** uid=1000 events=[1] notifyNow=true subId=2147483647 myUserId=0 callerUserId=0
05-01 17:48:18.665   932   962 I ThermalManager: Thermal : soc-thmzone : 43539
05-01 17:48:18.665   932   962 I ThermalManager: ThermalOutEnd: ==============================
05-01 17:48:18.665   818   818 D TelephonyRegistry: add callingUid: 1000, callingPid: 818
05-01 17:48:18.665   818   818 D TelephonyRegistry: record size before add: 91
05-01 17:48:18.668   818   818 D TelephonyRegistry: listen:  Register r={callingPackage=*** callerUid=1000 binder=android.telephony.PhoneStateListener$IPhoneStateListenerStub@7533de5 callback=android.telephony.PhoneStateListener$IPhoneStateListenerStub@7533de5 onSubscriptionsChangedListenererCallback=null onOpportunisticSubscriptionsChangedListenererCallback=null carrierPrivilegesCallback=null subId=2147483647 phoneId=0 events=[1]} r.subId=2147483647 r.phoneId=0
05-01 17:48:18.788   818   988 E UnisocWatchdog: WDT_Monitor: writeWDTMonitor duration=50,shutdowning=false
05-01 17:48:18.793   818   988 E UnisocWatchdog: UnisocWatchdogImpl sendMessage:0
05-01 17:48:18.794   818  1051 E UnisocWatchdog: UNISOCWATCHDOG_MESSAGE_TIMER30 trigger
05-01 17:48:18.850  1165  1165 D VendorGsmCdmaPhoneBase: EVENT_CAL_TX_RX_SPEED : br0_Tx_Speed : 1 ,br0_Rx_Speed : 4
05-01 17:48:19.038   672   839 D RIL     : SPDSMINFOU: s_rxBytes: 136673152, s_txBytes: 36237625
05-01 17:48:19.653  1165  1165 D PhoneInterfaceManager: requestModemActivityInfo start.
05-01 17:48:19.653  1165  1165 D PhoneInterfaceManager: requestModemActivityInfo finish, result send.
05-01 17:48:19.659  1165  1165 D RILJ    : [0978]> GET_ACTIVITY_INFO [PHONE0]
05-01 17:48:19.660   672   672 D RILC    : getModemActivityInfo: serial 978
05-01 17:48:19.660   672   718 D RIL_REQ_THDS: dequeue msg
05-01 17:48:19.660   672   718 D RIL_REQ_THDS: handleMessage 135
05-01 17:48:19.660   672   718 D RIL     : onRequest: GET_ACTIVITY_INFO radioState = RADIO_ON
05-01 17:48:19.660   672   718 D RIL_REQ_THDS: get Channel1
05-01 17:48:19.661   672   718 D RIL_REQ_THDS: put Channel1
05-01 17:48:19.661   672   718 D RIL     : sleep:0 idle:1954732 tx:0 0 31910 53004 43603 rx:914199
05-01 17:48:19.661   672   718 D RILC    : RequestComplete, RIL_SOCKET_1
05-01 17:48:19.661   672   718 D RILC    : Calling responseFunction() for token 978
05-01 17:48:19.661   672   718 D RILC    : getModemActivityInfoResponse: serial 978
05-01 17:48:19.661   672   718 D RIL_REQ_THDS: pool2Thread[0] process one message done
05-01 17:48:19.662  1165  1219 D RILJ    : [0978]< GET_ACTIVITY_INFO ModemActivityInfo{ mTimestamp=2050212 mSleepTimeMs=0 mIdleTimeMs=1954732 mActivityStatsTechSpecificInfo=[{mRat=UNKNOWN,mFrequencyRange=UNKNOWN,mTxTimeMs[]=[0, 0, 31910, 53004, 43603],mRxTimeMs=914199}]} [PHONE0]
05-01 17:48:19.662  1165  1165 D TelephonyManager: requestModemActivityInfo: Sending result to app: ModemActivityInfo{ mTimestamp=310828 mSleepTimeMs=0 mIdleTimeMs=306081 mActivityStatsTechSpecificInfo=[{mRat=UNKNOWN,mFrequencyRange=UNKNOWN,mTxTimeMs[]=[0, 0, 3116, 7115, 14072],mRxTimeMs=148593}]}
05-01 17:48:19.669   818   818 D TelephonyRegistry: listenWithEventList
05-01 17:48:19.670   818   818 D TelephonyRegistry: listen: E pkg=*** uid=1000 events=[1] notifyNow=true subId=2147483647 myUserId=0 callerUserId=0
05-01 17:48:19.670   818   818 D TelephonyRegistry: add callingUid: 1000, callingPid: 818
05-01 17:48:19.670   818   818 D TelephonyRegistry: record size before add: 91
05-01 17:48:19.673   818   818 D TelephonyRegistry: listen:  Register r={callingPackage=*** callerUid=1000 binder=android.telephony.PhoneStateListener$IPhoneStateListenerStub@7533de5 callback=android.telephony.PhoneStateListener$IPhoneStateListenerStub@7533de5 onSubscriptionsChangedListenererCallback=null onOpportunisticSubscriptionsChangedListenererCallback=null carrierPrivilegesCallback=null subId=2147483647 phoneId=0 events=[1]} r.subId=2147483647 r.phoneId=0
05-01 17:48:19.982 24044 24044 D ip_monitor-903: 2409:40f4:2145:ed85:4fed:607e:6ba2:d233 dev br0 lladdr 16:fb:82:74:73:06 router STALE
05-01 17:48:20.038   672   839 D RIL     : SPDSMINFOU: s_rxBytes: 136679555, s_txBytes: 36539904
05-01 17:48:20.676   818   818 D TelephonyRegistry: listenWithEventList
05-01 17:48:20.676   818   818 D TelephonyRegistry: listen: E pkg=*** uid=1000 events=[1] notifyNow=true subId=2147483647 myUserId=0 callerUserId=0
05-01 17:48:20.676   818   818 D TelephonyRegistry: add callingUid: 1000, callingPid: 818
05-01 17:48:20.677   818   818 D TelephonyRegistry: record size before add: 91
05-01 17:48:20.680   818   818 D TelephonyRegistry: listen:  Register r={callingPackage=*** callerUid=1000 binder=android.telephony.PhoneStateListener$IPhoneStateListenerStub@7533de5 callback=android.telephony.PhoneStateListener$IPhoneStateListenerStub@7533de5 onSubscriptionsChangedListenererCallback=null onOpportunisticSubscriptionsChangedListenererCallback=null carrierPrivilegesCallback=null subId=2147483647 phoneId=0 events=[1]} r.subId=2147483647 r.phoneId=0
05-01 17:48:20.852  1165  1165 D VendorGsmCdmaPhoneBase: EVENT_CAL_TX_RX_SPEED : br0_Tx_Speed : 145 ,br0_Rx_Speed : 4
05-01 17:48:21.038   672   839 D RIL     : SPDSMINFOU: s_rxBytes: 136687230, s_txBytes: 36541840
05-01 17:48:21.681   818   818 D TelephonyRegistry: listenWithEventList
05-01 17:48:21.681   818   818 D TelephonyRegistry: listen: E pkg=*** uid=1000 events=[1] notifyNow=true subId=2147483647 myUserId=0 callerUserId=0
05-01 17:48:21.682   818   818 D TelephonyRegistry: add callingUid: 1000, callingPid: 818
05-01 17:48:21.682   818   818 D TelephonyRegistry: record size before add: 91
05-01 17:48:21.685   818   818 D TelephonyRegistry: listen:  Register r={callingPackage=*** callerUid=1000 binder=android.telephony.PhoneStateListener$IPhoneStateListenerStub@7533de5 callback=android.telephony.PhoneStateListener$IPhoneStateListenerStub@7533de5 onSubscriptionsChangedListenererCallback=null onOpportunisticSubscriptionsChangedListenererCallback=null carrierPrivilegesCallback=null subId=2147483647 phoneId=0 events=[1]} r.subId=2147483647 r.phoneId=0
05-01 17:48:21.720   672   839 D RIL     : newLine = +CESQ: 99,99,255,255,18,100,255,-255,-255
05-01 17:48:21.721   672   731 D RIL_REQ_THDS: get Channel1
05-01 17:48:21.721   672   731 D RIL_REQ_THDS: put Channel1
05-01 17:48:21.721   672   731 D RIL     : find the tail successfully
05-01 17:48:21.721   672   731 D RIL     : find the tail successfully
05-01 17:48:21.721   672   731 D RIL     : find the tail successfully
05-01 17:48:21.721   672   731 D RIL     : lineForRssnr = 300,0, lineForAnt0Rssi = -7400,0, lineForAnt1Rssi = -6800,0
05-01 17:48:21.721   672   731 D RIL     : simId[0], sigp+CESQ: 99,-1,255,-1,15,100,-1,-255,-255
05-01 17:48:21.721   672   731 D RILC    : currentSignalStrengthInd
05-01 17:48:21.722   672   731 I RILC    : RIL_SOCKET_1 UNSOLICITED: UNSOL_SIGNAL_STRENGTH length:108
05-01 17:48:21.726  1754  1754 I MobilePhoneStateCache: setSignalLevel 4
05-01 17:48:21.726  1754  1754 I MobilePhoneStateCache: mSignalDbm -100
05-01 17:48:21.726  1754  1754 I MobilePhoneStateCache: mSignalRssi 4
05-01 17:48:21.726  1754  1754 I MobilePhoneStateCache: mSignalRscp 0
05-01 17:48:21.726  1754  1754 I MobilePhoneStateCache: mSignalLteRsrp -100
05-01 17:48:21.726  1192  1440 D NetworkController.MobileSignalController(3): mDataNetType Override 1
05-01 17:48:21.730  1192  1192 D StatusBarSignalPolicy: state.mobileImsId = 2131232130 subId = 3
05-01 17:48:21.770  4419  4462 I mali_gralloc: register: id=0x2670000006e, importpid=922
05-01 17:48:21.770  4419  4462 I mali_gralloc: register: id=0x2670000006e, importpid=4419
05-01 17:48:21.770  4419  4462 I mali_gralloc: unregister: id=0x2670000006e, base=0x0, importpid=4419
05-01 17:48:21.770  4419  4462 I mali_gralloc: unregister: id=0x2670000006e, base=0x0, importpid=4419
05-01 17:48:21.772   933  4464 I mali_gralloc: register: id=0x2670000006e, importpid=4419
05-01 17:48:21.772   933  4464 D BufferPoolAccessor2.0: bufferpool2 0xb4000072441aff08 : 1(610560 size) total buffers - 1(610560 size) used buffers - 4626/4676 (recycle/alloc) - 67/4675 (fetch/transfer)
05-01 17:48:21.789   933  4464 I mali_gralloc: unregister: id=0x2670000006e, base=0x714b185000, importpid=933
05-01 17:48:21.872  4419  4462 I mali_gralloc: register: id=0x2670000006e, importpid=922
05-01 17:48:21.872  4419  4462 I mali_gralloc: register: id=0x2670000006e, importpid=4419
05-01 17:48:21.872  4419  4462 I mali_gralloc: unregister: id=0x2670000006e, base=0x0, importpid=4419
05-01 17:48:21.873  4419  4462 I mali_gralloc: unregister: id=0x2670000006e, base=0x0, importpid=4419
05-01 17:48:21.874   933  4464 I mali_gralloc: register: id=0x2670000006e, importpid=4419
05-01 17:48:21.891   933  4464 I mali_gralloc: unregister: id=0x2670000006e, base=0x714b185000, importpid=933
05-01 17:48:21.974  4419  4462 I mali_gralloc: register: id=0x2670000006e, importpid=922
05-01 17:48:21.974  4419  4462 I mali_gralloc: register: id=0x2670000006e, importpid=4419
05-01 17:48:21.974  4419  4462 I mali_gralloc: unregister: id=0x2670000006e, base=0x0, importpid=4419
05-01 17:48:21.975  4419  4462 I mali_gralloc: unregister: id=0x2670000006e, base=0x0, importpid=4419
05-01 17:48:21.976   933  4464 I mali_gralloc: register: id=0x2670000006e, importpid=4419
05-01 17:48:21.992   933  4464 I mali_gralloc: unregister: id=0x2670000006e, base=0x714b185000, importpid=933
05-01 17:48:22.030 24054 24054 D ip_monitor-903: fe80::5b88:79de:8e44:9c8b dev br0 lladdr b2:72:f2:91:f4:28 STALE
05-01 17:48:22.038   672   839 D RIL     : SPDSMINFOU: s_rxBytes: 136694907, s_txBytes: 36543108
05-01 17:48:22.076  4419  4462 I mali_gralloc: register: id=0x2670000006e, importpid=922
05-01 17:48:22.076  4419  4462 I mali_gralloc: register: id=0x2670000006e, importpid=4419
05-01 17:48:22.077  4419  4462 I mali_gralloc: unregister: id=0x2670000006e, base=0x0, importpid=4419
05-01 17:48:22.077  4419  4462 I mali_gralloc: unregister: id=0x2670000006e, base=0x0, importpid=4419
05-01 17:48:22.078   933  4464 I mali_gralloc: register: id=0x2670000006e, importpid=4419
05-01 17:48:22.094   933  4464 I mali_gralloc: unregister: id=0x2670000006e, base=0x714b185000, importpid=933
05-01 17:48:22.178  4419  4462 I mali_gralloc: register: id=0x2670000006e, importpid=922
05-01 17:48:22.178  4419  4462 I mali_gralloc: register: id=0x2670000006e, importpid=4419
05-01 17:48:22.179  4419  4462 I mali_gralloc: unregister: id=0x2670000006e, base=0x0, importpid=4419
05-01 17:48:22.179  4419  4462 I mali_gralloc: unregister: id=0x2670000006e, base=0x0, importpid=4419
05-01 17:48:22.180   933  4464 I mali_gralloc: register: id=0x2670000006e, importpid=4419
05-01 17:48:22.196   933  4464 I mali_gralloc: unregister: id=0x2670000006e, base=0x714b185000, importpid=933
05-01 17:48:22.280  4419  4462 I mali_gralloc: register: id=0x2670000006e, importpid=922
05-01 17:48:22.280  4419  4462 I mali_gralloc: register: id=0x2670000006e, importpid=4419
05-01 17:48:22.280  4419  4462 I mali_gralloc: unregister: id=0x2670000006e, base=0x0, importpid=4419
05-01 17:48:22.281  4419  4462 I mali_gralloc: unregister: id=0x2670000006e, base=0x0, importpid=4419
05-01 17:48:22.282   933  4464 I mali_gralloc: register: id=0x2670000006e, importpid=4419
05-01 17:48:22.298   933  4464 I mali_gralloc: unregister: id=0x2670000006e, base=0x714b185000, importpid=933
05-01 17:48:22.382  4419  4462 I mali_gralloc: register: id=0x2670000006e, importpid=922
05-01 17:48:22.382  4419  4462 I mali_gralloc: register: id=0x2670000006e, importpid=4419
05-01 17:48:22.383  4419  4462 I mali_gralloc: unregister: id=0x2670000006e, base=0x0, importpid=4419
05-01 17:48:22.383  4419  4462 I mali_gralloc: unregister: id=0x2670000006e, base=0x0, importpid=4419
05-01 17:48:22.384   933  4464 I mali_gralloc: register: id=0x2670000006e, importpid=4419
05-01 17:48:22.401   933  4464 I mali_gralloc: unregister: id=0x2670000006e, base=0x714b185000, importpid=933
05-01 17:48:22.484  4419  4462 I mali_gralloc: register: id=0x2670000006e, importpid=922
05-01 17:48:22.485  4419  4462 I mali_gralloc: register: id=0x2670000006e, importpid=4419
05-01 17:48:22.485  4419  4462 I mali_gralloc: unregister: id=0x2670000006e, base=0x0, importpid=4419
05-01 17:48:22.485  4419  4462 I mali_gralloc: unregister: id=0x2670000006e, base=0x0, importpid=4419
05-01 17:48:22.486   933  4464 I mali_gralloc: register: id=0x2670000006e, importpid=4419
05-01 17:48:22.503   933  4464 I mali_gralloc: unregister: id=0x2670000006e, base=0x714b185000, importpid=933
05-01 17:48:22.586  4419  4462 I mali_gralloc: register: id=0x2670000006e, importpid=922
05-01 17:48:22.587  4419  4462 I mali_gralloc: register: id=0x2670000006e, importpid=4419
05-01 17:48:22.587  4419  4462 I mali_gralloc: unregister: id=0x2670000006e, base=0x0, importpid=4419
05-01 17:48:22.587  4419  4462 I mali_gralloc: unregister: id=0x2670000006e, base=0x0, importpid=4419
05-01 17:48:22.588   933  4464 I mali_gralloc: register: id=0x2670000006e, importpid=4419
05-01 17:48:22.605   933  4464 I mali_gralloc: unregister: id=0x2670000006e, base=0x714b185000, importpid=933
05-01 17:48:22.687   818   818 D TelephonyRegistry: listenWithEventList
05-01 17:48:22.688   818   818 D TelephonyRegistry: listen: E pkg=*** uid=1000 events=[1] notifyNow=true subId=2147483647 myUserId=0 callerUserId=0
05-01 17:48:22.688   818   818 D TelephonyRegistry: add callingUid: 1000, callingPid: 818
05-01 17:48:22.688   818   818 D TelephonyRegistry: record size before add: 91
05-01 17:48:22.688  4419  4462 I mali_gralloc: register: id=0x2670000006e, importpid=922
05-01 17:48:22.689  4419  4462 I mali_gralloc: register: id=0x2670000006e, importpid=4419
05-01 17:48:22.689  4419  4462 I mali_gralloc: unregister: id=0x2670000006e, base=0x0, importpid=4419
05-01 17:48:22.690  4419  4462 I mali_gralloc: unregister: id=0x2670000006e, base=0x0, importpid=4419
05-01 17:48:22.691   933  4464 I mali_gralloc: register: id=0x2670000006e, importpid=4419
05-01 17:48:22.691   818   818 D TelephonyRegistry: listen:  Register r={callingPackage=*** callerUid=1000 binder=android.telephony.PhoneStateListener$IPhoneStateListenerStub@7533de5 callback=android.telephony.PhoneStateListener$IPhoneStateListenerStub@7533de5 onSubscriptionsChangedListenererCallback=null onOpportunisticSubscriptionsChangedListenererCallback=null carrierPrivilegesCallback=null subId=2147483647 phoneId=0 events=[1]} r.subId=2147483647 r.phoneId=0
05-01 17:48:22.706   933  4464 I mali_gralloc: unregister: id=0x2670000006e, base=0x714b185000, importpid=933
05-01 17:48:22.722   672   731 D RIL_REQ_THDS: get Channel1
05-01 17:48:22.723   672   731 D RIL_REQ_THDS: put Channel1
05-01 17:48:22.723   672   731 D RIL     : find the tail successfully
05-01 17:48:22.723   672   731 D RIL     : find the tail successfully
05-01 17:48:22.723   672   731 D RIL     : find the tail successfully
05-01 17:48:22.723   672   731 D RIL     : lineForRssnr = 600,0, lineForAnt0Rssi = -7200,0, lineForAnt1Rssi = -6900,0
05-01 17:48:22.723   672   731 D RIL     : simId[0], sigp+CESQ: 99,-1,255,-1,17,100,-1,-255,-255
05-01 17:48:22.723   672   731 D RILC    : currentSignalStrengthInd
05-01 17:48:22.723   672   731 I RILC    : RIL_SOCKET_1 UNSOLICITED: UNSOL_SIGNAL_STRENGTH length:108
05-01 17:48:22.727  1192  1440 D NetworkController.MobileSignalController(3): mDataNetType Override 1
05-01 17:48:22.727  1754  1754 I MobilePhoneStateCache: setSignalLevel 4
05-01 17:48:22.727  1754  1754 I MobilePhoneStateCache: mSignalDbm -100
05-01 17:48:22.727  1754  1754 I MobilePhoneStateCache: mSignalRssi 4
05-01 17:48:22.727  1754  1754 I MobilePhoneStateCache: mSignalRscp 0
05-01 17:48:22.727  1754  1754 I MobilePhoneStateCache: mSignalLteRsrp -100
05-01 17:48:22.730  1192  1192 D StatusBarSignalPolicy: state.mobileImsId = 2131232130 subId = 3
05-01 17:48:22.791  4419  4462 I mali_gralloc: register: id=0x2670000006e, importpid=922
05-01 17:48:22.791  4419  4462 I mali_gralloc: register: id=0x2670000006e, importpid=4419
05-01 17:48:22.792  4419  4462 I mali_gralloc: unregister: id=0x2670000006e, base=0x0, importpid=4419
05-01 17:48:22.792  4419  4462 I mali_gralloc: unregister: id=0x2670000006e, base=0x0, importpid=4419
05-01 17:48:22.793   933  4464 I mali_gralloc: register: id=0x2670000006e, importpid=4419
05-01 17:48:22.798 24076 24076 D ip_monitor-903: 192.168.0.95 dev br0 lladdr b2:72:f2:91:f4:28 PROBE
05-01 17:48:22.807 24077 24077 D ip_monitor-903: 192.168.0.95 dev br0 lladdr b2:72:f2:91:f4:28 REACHABLE
05-01 17:48:22.810   933  4464 I mali_gralloc: unregister: id=0x2670000006e, base=0x714b185000, importpid=933
05-01 17:48:22.855  1165  1165 D VendorGsmCdmaPhoneBase: EVENT_CAL_TX_RX_SPEED : br0_Tx_Speed : 6 ,br0_Rx_Speed : 6
05-01 17:48:23.038   672   839 D RIL     : SPDSMINFOU: s_rxBytes: 136703075, s_txBytes: 36555995
05-01 17:48:23.692   818   818 D TelephonyRegistry: listenWithEventList
05-01 17:48:23.693   818   818 D TelephonyRegistry: listen: E pkg=*** uid=1000 events=[1] notifyNow=true subId=2147483647 myUserId=0 callerUserId=0
05-01 17:48:23.693   818   818 D TelephonyRegistry: add callingUid: 1000, callingPid: 818
05-01 17:48:23.694   818   818 D TelephonyRegistry: record size before add: 91
05-01 17:48:23.697   818   818 D TelephonyRegistry: listen:  Register r={callingPackage=*** callerUid=1000 binder=android.telephony.PhoneStateListener$IPhoneStateListenerStub@7533de5 callback=android.telephony.PhoneStateListener$IPhoneStateListenerStub@7533de5 onSubscriptionsChangedListenererCallback=null onOpportunisticSubscriptionsChangedListenererCallback=null carrierPrivilegesCallback=null subId=2147483647 phoneId=0 events=[1]} r.subId=2147483647 r.phoneId=0
05-01 17:48:23.723   672   731 D RIL_REQ_THDS: get Channel1
05-01 17:48:23.724   672   731 D RIL_REQ_THDS: put Channel1
05-01 17:48:23.724   672   731 D RIL     : find the tail successfully
05-01 17:48:23.724   672   731 D RIL     : find the tail successfully
05-01 17:48:23.724   672   731 D RIL     : find the tail successfully
05-01 17:48:23.724   672   731 D RIL     : lineForRssnr = 400,0, lineForAnt0Rssi = -7400,0, lineForAnt1Rssi = -7000,0
05-01 17:48:23.724   672   731 D RIL     : simId[0], sigp+CESQ: 99,-1,255,-1,18,100,-1,-255,-255
05-01 17:48:23.724   672   731 D RILC    : currentSignalStrengthInd
05-01 17:48:23.724   672   731 I RILC    : RIL_SOCKET_1 UNSOLICITED: UNSOL_SIGNAL_STRENGTH length:108
05-01 17:48:23.728  1192  1440 D NetworkController.MobileSignalController(3): mDataNetType Override 1
05-01 17:48:23.728  1754  1754 I MobilePhoneStateCache: setSignalLevel 4
05-01 17:48:23.728  1754  1754 I MobilePhoneStateCache: mSignalDbm -100
05-01 17:48:23.728  1754  1754 I MobilePhoneStateCache: mSignalRssi 4
05-01 17:48:23.728  1754  1754 I MobilePhoneStateCache: mSignalRscp 0
05-01 17:48:23.728  1754  1754 I MobilePhoneStateCache: mSignalLteRsrp -100
05-01 17:48:23.731  1192  1192 D StatusBarSignalPolicy: state.mobileImsId = 2131232130 subId = 3
05-01 17:48:24.038   672   839 D RIL     : SPDSMINFOU: s_rxBytes: 136710551, s_txBytes: 36561164
05-01 17:48:24.699   818   818 D TelephonyRegistry: listenWithEventList
05-01 17:48:24.699   818   818 D TelephonyRegistry: listen: E pkg=*** uid=1000 events=[1] notifyNow=true subId=2147483647 myUserId=0 callerUserId=0
05-01 17:48:24.699   818   818 D TelephonyRegistry: add callingUid: 1000, callingPid: 818
05-01 17:48:24.699   818   818 D TelephonyRegistry: record size before add: 91
05-01 17:48:24.703   818   818 D TelephonyRegistry: listen:  Register r={callingPackage=*** callerUid=1000 binder=android.telephony.PhoneStateListener$IPhoneStateListenerStub@7533de5 callback=android.telephony.PhoneStateListener$IPhoneStateListenerStub@7533de5 onSubscriptionsChangedListenererCallback=null onOpportunisticSubscriptionsChangedListenererCallback=null carrierPrivilegesCallback=null subId=2147483647 phoneId=0 events=[1]} r.subId=2147483647 r.phoneId=0
05-01 17:48:24.858  1165  1165 D VendorGsmCdmaPhoneBase: EVENT_CAL_TX_RX_SPEED : br0_Tx_Speed : 6 ,br0_Rx_Speed : 10
05-01 17:48:25.038   672   839 D RIL     : SPDSMINFOU: s_rxBytes: 136723384, s_txBytes: 36570842
05-01 17:48:25.359 24081 24081 D ip_monitor-903: 2409:40f4:2145:ed85:4fed:607e:6ba2:d233 dev br0 lladdr 16:fb:82:74:73:06 router PROBE
05-01 17:48:25.366 24082 24082 D ip_monitor-903: 2409:40f4:2145:ed85:4fed:607e:6ba2:d233 dev br0 lladdr 16:fb:82:74:73:06 router REACHABLE
05-01 17:48:25.686  1165  1165 D DN-100-C: ConnectedState: onBandwidthUpdated: downlinkBandwidthKbps=-1, uplinkBandwidthKbps=-1
05-01 17:48:25.690  1165  1165 D DN-100-C: ConnectedState: updateNetworkCapabilities: Capabilities not changed.
05-01 17:48:25.704   818   818 D TelephonyRegistry: listenWithEventList
05-01 17:48:25.705   818   818 D TelephonyRegistry: listen: E pkg=*** uid=1000 events=[1] notifyNow=true subId=2147483647 myUserId=0 callerUserId=0
05-01 17:48:25.705   818   818 D TelephonyRegistry: add callingUid: 1000, callingPid: 818
05-01 17:48:25.705   818   818 D TelephonyRegistry: record size before add: 91
05-01 17:48:25.708   818   818 D TelephonyRegistry: listen:  Register r={callingPackage=*** callerUid=1000 binder=android.telephony.PhoneStateListener$IPhoneStateListenerStub@7533de5 callback=android.telephony.PhoneStateListener$IPhoneStateListenerStub@7533de5 onSubscriptionsChangedListenererCallback=null onOpportunisticSubscriptionsChangedListenererCallback=null carrierPrivilegesCallback=null subId=2147483647 phoneId=0 events=[1]} r.subId=2147483647 r.phoneId=0
05-01 17:48:26.038   672   839 D RIL     : SPDSMINFOU: s_rxBytes: 136730036, s_txBytes: 36574377
05-01 17:48:26.709   818   818 D TelephonyRegistry: listenWithEventList
05-01 17:48:26.709   818   818 D TelephonyRegistry: listen: E pkg=*** uid=1000 events=[1] notifyNow=true subId=2147483647 myUserId=0 callerUserId=0
05-01 17:48:26.710   818   818 D TelephonyRegistry: add callingUid: 1000, callingPid: 818
05-01 17:48:26.710   818   818 D TelephonyRegistry: record size before add: 91
05-01 17:48:26.713   818   818 D TelephonyRegistry: listen:  Register r={callingPackage=*** callerUid=1000 binder=android.telephony.PhoneStateListener$IPhoneStateListenerStub@7533de5 callback=android.telephony.PhoneStateListener$IPhoneStateListenerStub@7533de5 onSubscriptionsChangedListenererCallback=null onOpportunisticSubscriptionsChangedListenererCallback=null carrierPrivilegesCallback=null subId=2147483647 phoneId=0 events=[1]} r.subId=2147483647 r.phoneId=0
05-01 17:48:26.860  1165  1165 D VendorGsmCdmaPhoneBase: EVENT_CAL_TX_RX_SPEED : br0_Tx_Speed : 2 ,br0_Rx_Speed : 6
05-01 17:48:27.038   672   839 D RIL     : SPDSMINFOU: s_rxBytes: 136742092, s_txBytes: 36576907
05-01 17:48:27.695  1165  1165 D PhoneInterfaceManager: requestModemActivityInfo start.
05-01 17:48:27.696  1165  1165 D PhoneInterfaceManager: requestModemActivityInfo finish, result send.
05-01 17:48:27.701  1165  1165 D RILJ    : [0979]> GET_ACTIVITY_INFO [PHONE0]
05-01 17:48:27.702   672   672 D RILC    : getModemActivityInfo: serial 979
05-01 17:48:27.702   672   717 D RIL_REQ_THDS: dequeue msg
05-01 17:48:27.702   672   717 D RIL_REQ_THDS: handleMessage 135
05-01 17:48:27.702   672   717 D RIL     : onRequest: GET_ACTIVITY_INFO radioState = RADIO_ON
05-01 17:48:27.702   672   717 D RIL_REQ_THDS: get Channel1
05-01 17:48:27.703   672   717 D RIL_REQ_THDS: put Channel1
05-01 17:48:27.703   672   717 D RIL     : sleep:0 idle:1962349 tx:0 0 32030 53172 44000 rx:917822
05-01 17:48:27.703   672   717 D RILC    : RequestComplete, RIL_SOCKET_1
05-01 17:48:27.703   672   717 D RILC    : Calling responseFunction() for token 979
05-01 17:48:27.703   672   717 D RILC    : getModemActivityInfoResponse: serial 979
05-01 17:48:27.703   672   717 D RIL_REQ_THDS: pool1Thread[0] process one message done
05-01 17:48:27.703  1165  1571 D RILJ    : [0979]< GET_ACTIVITY_INFO ModemActivityInfo{ mTimestamp=2058254 mSleepTimeMs=0 mIdleTimeMs=1962349 mActivityStatsTechSpecificInfo=[{mRat=UNKNOWN,mFrequencyRange=UNKNOWN,mTxTimeMs[]=[0, 0, 32030, 53172, 44000],mRxTimeMs=917822}]} [PHONE0]
05-01 17:48:27.704  1165  1165 D TelephonyManager: requestModemActivityInfo: Sending result to app: ModemActivityInfo{ mTimestamp=310828 mSleepTimeMs=0 mIdleTimeMs=306081 mActivityStatsTechSpecificInfo=[{mRat=UNKNOWN,mFrequencyRange=UNKNOWN,mTxTimeMs[]=[0, 0, 3116, 7115, 14072],mRxTimeMs=148593}]}
05-01 17:48:27.714   818   818 D TelephonyRegistry: listenWithEventList
05-01 17:48:27.714   818   818 D TelephonyRegistry: listen: E pkg=*** uid=1000 events=[1] notifyNow=true subId=2147483647 myUserId=0 callerUserId=0
05-01 17:48:27.714   818   818 D TelephonyRegistry: add callingUid: 1000, callingPid: 818
05-01 17:48:27.715   818   818 D TelephonyRegistry: record size before add: 91
05-01 17:48:27.718   818   818 D TelephonyRegistry: listen:  Register r={callingPackage=*** callerUid=1000 binder=android.telephony.PhoneStateListener$IPhoneStateListenerStub@7533de5 callback=android.telephony.PhoneStateListener$IPhoneStateListenerStub@7533de5 onSubscriptionsChangedListenererCallback=null onOpportunisticSubscriptionsChangedListenererCallback=null carrierPrivilegesCallback=null subId=2147483647 phoneId=0 events=[1]} r.subId=2147483647 r.phoneId=0
05-01 17:48:28.038   672   839 D RIL     : SPDSMINFOU: s_rxBytes: 136746869, s_txBytes: 36878979
05-01 17:48:28.527   818  1415 D TrafficStats: tagSocket(430) with statsTag=0xffffffff, statsUid=-1
05-01 17:48:28.720   818   818 D TelephonyRegistry: listenWithEventList
05-01 17:48:28.720   818   818 D TelephonyRegistry: listen: E pkg=*** uid=1000 events=[1] notifyNow=true subId=2147483647 myUserId=0 callerUserId=0
05-01 17:48:28.720   818   818 D TelephonyRegistry: add callingUid: 1000, callingPid: 818
05-01 17:48:28.721   818   818 D TelephonyRegistry: record size before add: 91
05-01 17:48:28.724   818   818 D TelephonyRegistry: listen:  Register r={callingPackage=*** callerUid=1000 binder=android.telephony.PhoneStateListener$IPhoneStateListenerStub@7533de5 callback=android.telephony.PhoneStateListener$IPhoneStateListenerStub@7533de5 onSubscriptionsChangedListenererCallback=null onOpportunisticSubscriptionsChangedListenererCallback=null carrierPrivilegesCallback=null subId=2147483647 phoneId=0 events=[1]} r.subId=2147483647 r.phoneId=0
05-01 17:48:28.775   933  1221 D BufferPoolAccessor2.0: bufferpool2 0xb4000072441aff08 : 1(610560 size) total buffers - 0(0 size) used buffers - 4636/4686 (recycle/alloc) - 68/4686 (fetch/transfer)
05-01 17:48:28.775   933  1221 D BufferPoolAccessor2.0: evictor expired: 1, evicted: 1
05-01 17:48:28.862  1165  1165 D VendorGsmCdmaPhoneBase: EVENT_CAL_TX_RX_SPEED : br0_Tx_Speed : 150 ,br0_Rx_Speed : 6
05-01 17:48:29.038   672   839 D RIL     : SPDSMINFOU: s_rxBytes: 136753641, s_txBytes: 36889449
05-01 17:48:29.418   818  1115 D ConnectivityService: forceReevaluation and  mReevaluateDelayMs is 300000
05-01 17:48:29.419   818  3472 D NetworkMonitor/100: Forcing reevaluation for UID 1000. Dns signal count: 0
05-01 17:48:29.420   818 24086 D NetworkMonitor/100: isCaptivePortal pacUrl=null; mUseHttps=false; httpsUrls length=1; httpUrls length=1
05-01 17:48:29.420   818 24086 D TrafficStats: tagSocket(430) with statsTag=0xffffff81, statsUid=-1
05-01 17:48:29.421   818 24086 D TrafficStats: tagSocket(430) with statsTag=0xffffff81, statsUid=-1
05-01 17:48:29.724   818   818 D TelephonyRegistry: listenWithEventList
05-01 17:48:29.725   818   818 D TelephonyRegistry: listen: E pkg=*** uid=1000 events=[1] notifyNow=true subId=2147483647 myUserId=0 callerUserId=0
05-01 17:48:29.725   818   818 D TelephonyRegistry: add callingUid: 1000, callingPid: 818
05-01 17:48:29.725   818   818 D TelephonyRegistry: record size before add: 91
05-01 17:48:29.728   818   818 D TelephonyRegistry: listen:  Register r={callingPackage=*** callerUid=1000 binder=android.telephony.PhoneStateListener$IPhoneStateListenerStub@7533de5 callback=android.telephony.PhoneStateListener$IPhoneStateListenerStub@7533de5 onSubscriptionsChangedListenererCallback=null onOpportunisticSubscriptionsChangedListenererCallback=null carrierPrivilegesCallback=null subId=2147483647 phoneId=0 events=[1]} r.subId=2147483647 r.phoneId=0
05-01 17:48:30.038   672   839 D RIL     : SPDSMINFOU: s_rxBytes: 136760667, s_txBytes: 36890813
05-01 17:48:30.731   818   818 D TelephonyRegistry: listenWithEventList
05-01 17:48:30.731   818   818 D TelephonyRegistry: listen: E pkg=*** uid=1000 events=[1] notifyNow=true subId=2147483647 myUserId=0 callerUserId=0
