05-01 17:48:30.731   818   818 D TelephonyRegistry: add callingUid: 1000, callingPid: 818
05-01 17:48:30.731   818   818 D TelephonyRegistry: record size before add: 91
05-01 17:48:30.734   818   818 D TelephonyRegistry: listen:  Register r={callingPackage=*** callerUid=1000 binder=android.telephony.PhoneStateListener$IPhoneStateListenerStub@7533de5 callback=android.telephony.PhoneStateListener$IPhoneStateListenerStub@7533de5 onSubscriptionsChangedListenererCallback=null onOpportunisticSubscriptionsChangedListenererCallback=null carrierPrivilegesCallback=null subId=2147483647 phoneId=0 events=[1]} r.subId=2147483647 r.phoneId=0
05-01 17:48:30.864  1165  1165 D VendorGsmCdmaPhoneBase: EVENT_CAL_TX_RX_SPEED : br0_Tx_Speed : 1 ,br0_Rx_Speed : 6
05-01 17:48:31.038   672   839 D RIL     : SPDSMINFOU: s_rxBytes: 136769931, s_txBytes: 36895484
05-01 17:48:31.084   818   818 D TrafficStats: tagSocket(430) with statsTag=0xffffffff, statsUid=-1
05-01 17:48:31.087   818   818 D TrafficStats: tagSocket(430) with statsTag=0xffffffff, statsUid=-1
05-01 17:48:31.090   818 24086 D NetworkMonitor/100: PROBE_DNS netcheck.ztems.com 1669ms OK 64:ff9b::7928:1600,121.40.22.0
05-01 17:48:31.093   818 24086 D TrafficStats: tagSocket(430) with statsTag=0xffffff81, statsUid=-1
05-01 17:48:31.736   818   818 D TelephonyRegistry: listenWithEventList
05-01 17:48:31.737   818   818 D TelephonyRegistry: listen: E pkg=*** uid=1000 events=[1] notifyNow=true subId=2147483647 myUserId=0 callerUserId=0
05-01 17:48:31.737   818   818 D TelephonyRegistry: add callingUid: 1000, callingPid: 818
05-01 17:48:31.737   818   818 D TelephonyRegistry: record size before add: 91
05-01 17:48:31.740   818   818 D TelephonyRegistry: listen:  Register r={callingPackage=*** callerUid=1000 binder=android.telephony.PhoneStateListener$IPhoneStateListenerStub@7533de5 callback=android.telephony.PhoneStateListener$IPhoneStateListenerStub@7533de5 onSubscriptionsChangedListenererCallback=null onOpportunisticSubscriptionsChangedListenererCallback=null carrierPrivilegesCallback=null subId=2147483647 phoneId=0 events=[1]} r.subId=2147483647 r.phoneId=0
05-01 17:48:32.038   672   839 D RIL     : SPDSMINFOU: s_rxBytes: 136772272, s_txBytes: 36896066
05-01 17:48:32.742   818   818 D TelephonyRegistry: listenWithEventList
05-01 17:48:32.743   818   818 D TelephonyRegistry: listen: E pkg=*** uid=1000 events=[1] notifyNow=true subId=2147483647 myUserId=0 callerUserId=0
05-01 17:48:32.743   818   818 D TelephonyRegistry: add callingUid: 1000, callingPid: 818
05-01 17:48:32.743   818   818 D TelephonyRegistry: record size before add: 91
05-01 17:48:32.746   818   818 D TelephonyRegistry: listen:  Register r={callingPackage=*** callerUid=1000 binder=android.telephony.PhoneStateListener$IPhoneStateListenerStub@7533de5 callback=android.telephony.PhoneStateListener$IPhoneStateListenerStub@7533de5 onSubscriptionsChangedListenererCallback=null onOpportunisticSubscriptionsChangedListenererCallback=null carrierPrivilegesCallback=null subId=2147483647 phoneId=0 events=[1]} r.subId=2147483647 r.phoneId=0
05-01 17:48:32.866  1165  1165 D VendorGsmCdmaPhoneBase: EVENT_CAL_TX_RX_SPEED : br0_Tx_Speed : 2 ,br0_Rx_Speed : 2
05-01 17:48:33.038   672   839 D RIL     : SPDSMINFOU: s_rxBytes: 136773496, s_txBytes: 36898061
05-01 17:48:33.552 24092 24092 D ip_monitor-903: fe80::5b88:79de:8e44:9c8b dev br0 lladdr b2:72:f2:91:f4:28 PROBE
05-01 17:48:33.559 24093 24093 D ip_monitor-903: fe80::5b88:79de:8e44:9c8b dev br0 lladdr b2:72:f2:91:f4:28 REACHABLE
05-01 17:48:33.727  1165  1165 D PhoneInterfaceManager: requestModemActivityInfo start.
05-01 17:48:33.728  1165  1165 D PhoneInterfaceManager: requestModemActivityInfo finish, result send.
05-01 17:48:33.733  1165  1165 D RILJ    : [0980]> GET_ACTIVITY_INFO [PHONE0]
05-01 17:48:33.734   672   672 D RILC    : getModemActivityInfo: serial 980
05-01 17:48:33.734   672   718 D RIL_REQ_THDS: dequeue msg
05-01 17:48:33.734   672   718 D RIL_REQ_THDS: handleMessage 135
05-01 17:48:33.734   672   718 D RIL     : onRequest: GET_ACTIVITY_INFO radioState = RADIO_ON
05-01 17:48:33.734   672   718 D RIL_REQ_THDS: get Channel1
05-01 17:48:33.735   672   718 D RIL_REQ_THDS: put Channel1
05-01 17:48:33.735   672   718 D RIL     : sleep:0 idle:1968069 tx:0 0 32096 53330 44251 rx:920478
05-01 17:48:33.735   672   718 D RILC    : RequestComplete, RIL_SOCKET_1
05-01 17:48:33.735   672   718 D RILC    : Calling responseFunction() for token 980
05-01 17:48:33.735   672   718 D RILC    : getModemActivityInfoResponse: serial 980
05-01 17:48:33.735   672   718 D RIL_REQ_THDS: pool2Thread[0] process one message done
05-01 17:48:33.736  1165  1571 D RILJ    : [0980]< GET_ACTIVITY_INFO ModemActivityInfo{ mTimestamp=2064286 mSleepTimeMs=0 mIdleTimeMs=1968069 mActivityStatsTechSpecificInfo=[{mRat=UNKNOWN,mFrequencyRange=UNKNOWN,mTxTimeMs[]=[0, 0, 32096, 53330, 44251],mRxTimeMs=920478}]} [PHONE0]
05-01 17:48:33.736  1165  1165 D TelephonyManager: requestModemActivityInfo: Sending result to app: ModemActivityInfo{ mTimestamp=310828 mSleepTimeMs=0 mIdleTimeMs=306081 mActivityStatsTechSpecificInfo=[{mRat=UNKNOWN,mFrequencyRange=UNKNOWN,mTxTimeMs[]=[0, 0, 3116, 7115, 14072],mRxTimeMs=148593}]}
05-01 17:48:33.748   818   818 D TelephonyRegistry: listenWithEventList
05-01 17:48:33.748   818   818 D TelephonyRegistry: listen: E pkg=*** uid=1000 events=[1] notifyNow=true subId=2147483647 myUserId=0 callerUserId=0
05-01 17:48:33.748   818   818 D TelephonyRegistry: add callingUid: 1000, callingPid: 818
05-01 17:48:33.749   818   818 D TelephonyRegistry: record size before add: 91
05-01 17:48:33.752   818   818 D TelephonyRegistry: listen:  Register r={callingPackage=*** callerUid=1000 binder=android.telephony.PhoneStateListener$IPhoneStateListenerStub@7533de5 callback=android.telephony.PhoneStateListener$IPhoneStateListenerStub@7533de5 onSubscriptionsChangedListenererCallback=null onOpportunisticSubscriptionsChangedListenererCallback=null carrierPrivilegesCallback=null subId=2147483647 phoneId=0 events=[1]} r.subId=2147483647 r.phoneId=0
05-01 17:48:33.806 24094 24094 D ip_monitor-903: 192.168.0.95 dev br0 lladdr b2:72:f2:91:f4:28 STALE
05-01 17:48:34.038   672   839 D RIL     : SPDSMINFOU: s_rxBytes: 136798007, s_txBytes: 36905186
05-01 17:48:34.119   818 24086 D NetworkMonitor/100: PROBE_HTTP http://netcheck.ztems.com/generate_204 time=3029ms ret=204 request={Connection=[close], User-Agent=[Mozilla/5.0 (X11; Linux x86_64) AppleWebKit/537.36 (KHTML, like Gecko) Chrome/60.0.3112.32 Safari/537.36]} headers={null=[HTTP/1.1 204 No Content], Connection=[close], Date=[Fri, 01 May 2026 12:18:34 GMT], X-Android-Received-Millis=[1777637914119], X-Android-Response-Source=[NETWORK 204], X-Android-Selected-Protocol=[http/1.1], X-Android-Sent-Millis=[1777637912585]}
05-01 17:48:34.119   818 24086 D NetworkMonitor: maybeNotifyProbeResults mProbeCompleted=12; mProbeResults=12
05-01 17:48:34.119   818 24086 D NetworkMonitor/100: isCaptivePortal: isSuccessful()=true isPortal()=false RedirectUrl=null isPartialConnectivity()=false Time=4699ms
05-01 17:48:34.120   818  3472 D NetworkMonitor/100: CMD_PROBE_COMPLETE mIsNetworkSwitchEnabled=true;USED_THIS_INPROCESS=true
05-01 17:48:34.120   818  3472 D NetworkMonitor: lzlzlz mCallback.hideProvisioningNotification
05-01 17:48:34.120   818  3472 D NetworkMonitor: maybeNotifyProbeResults mProbeCompleted=12; mProbeResults=12
05-01 17:48:34.121   818  3472 D NetworkMonitor: lzlzlz mCallback.notifyNetworkTestedWithExtras
05-01 17:48:34.121   818  3472 D ConnectivityService: lz TestedWithExtra, p = 1; 12; 12; null
05-01 17:48:34.122   818  1114 D ConnectivityService: [100 CELLULAR] validation passed
05-01 17:48:34.122   818  1114 D ConnectivityService: [100 CELLULAR] nai.lastValidated true
05-01 17:48:34.122   818  1114 D ConnectivityService: [100 CELLULAR] wasDefault true
05-01 17:48:34.122   818  1114 D ConnectivityService: [100 CELLULAR] nai.everValidated true
05-01 17:48:34.123   818  1114 D ConnectivityService: [100 CELLULAR]handleNetworkTested nai.lastValidated=true; isWifiFirstTested=false
05-01 17:48:34.124   818  1114 D ConnectivityService: updateInetCondition nai NetworkAgentInfo{network{100}  handle{432902426637}  ni{MOBILE[LTE] CONNECTED extra: jionet} Score(50 ; KeepConnected : 0 ; Policies : EVER_VALIDATED_NOT_AVOIDED_WHEN_BAD&IS_VALIDATED)  created everValidated lastValidated clat{mBaseIface: sipa_eth0, mIface: v4-sipa_eth0, mState: RUNNING}   lp{{InterfaceName: sipa_eth0 LinkAddresses: [ 2409:40f4:2145:ed85:1412:85ff:fec7:e548/64 ] DnsAddresses: [ /2405:200:800::11,/2409:8084:8000:10:2002:4860:4860:8888 ] Domains: null MTU: 1500 TcpBufferSizes: 2097152,6291456,16777216,512000,2097152,8388608 Routes: [ ::/0 -> :: sipa_eth0 mtu 1500,2409:40f4:2145:ed85::/64 -> :: sipa_eth0 mtu 0 ] Nat64Prefix: 64:ff9b::/96 Stacked: [[ {InterfaceName: v4-sipa_eth0 LinkAddresses: [ 192.0.0.4/32 ] DnsAddresses: [ ] Domains: null MTU: 0 Routes: [ 0.0.0.0/0 -> 192.0.0.4 v4-sipa_eth0 mtu 0 ]} ]]}}  nc{[ Transports: CELLULAR Capabilities: SUPL&INTERNET&NOT_RESTRICTED&TRUSTED&NOT_VPN&VALIDATED&NOT_ROAMING&FOREGROUND&NOT_CONGESTED&NOT_SUSPENDED&NOT_VCN_MANAGED LinkUpBandwidth>=15000Kbps LinkDnBandwidth>=30000Kbps Specifier: <TelephonyNetworkSpecifier [mSubId = 3]> SubscriptionIds: {3} UnderlyingNetworks: Null]}  factorySerialNumber=5}
05-01 17:48:34.124   818  1114 D ConnectivityService:  newInetCondition 100
05-01 17:48:34.124   818  1114 D ConnectivityService:  mDefaultInetConditionPublished 100
05-01 17:48:34.124   818  3472 D NetworkMonitor/100: sendTcpPollingEvent isValidationRequired=true
05-01 17:48:34.125  1165  1165 D DNC-0   : onDataNetworkValidationStatusChanged: [DataNetwork: DN-100-C, jionet, state=ConnectedState], validation status=VALID, 
05-01 17:48:34.127  1165  1165 D DNC-0   : Ignore data network validation status changed because data stall recovery is disabled.
05-01 17:48:34.753   818   818 D TelephonyRegistry: listenWithEventList
05-01 17:48:34.753   818   818 D TelephonyRegistry: listen: E pkg=*** uid=1000 events=[1] notifyNow=true subId=2147483647 myUserId=0 callerUserId=0
05-01 17:48:34.754   818   818 D TelephonyRegistry: add callingUid: 1000, callingPid: 818
05-01 17:48:34.754   818   818 D TelephonyRegistry: record size before add: 91
05-01 17:48:34.757   818   818 D TelephonyRegistry: listen:  Register r={callingPackage=*** callerUid=1000 binder=android.telephony.PhoneStateListener$IPhoneStateListenerStub@7533de5 callback=android.telephony.PhoneStateListener$IPhoneStateListenerStub@7533de5 onSubscriptionsChangedListenererCallback=null onOpportunisticSubscriptionsChangedListenererCallback=null carrierPrivilegesCallback=null subId=2147483647 phoneId=0 events=[1]} r.subId=2147483647 r.phoneId=0
